// Vitest Snapshot v1, https://vitest.dev/guide/snapshot.html

exports[`MultipleFile > should render File input 1`] = `"<input data-v-73c4b518="" id="upload" type="file">"`;
